// Jest Snapshot v1, https://goo.gl/fbAQLP

exports[`BlockOfEvents should match snapshot 1`] = `
<div>
  <div
    className="timetable-day-of-month-event"
    key="0"
    onClick={[Function]}
  >
    First Event
  </div>
  <div
    className="timetable-day-of-month-event"
    key="1"
    onClick={[Function]}
  >
    Second Event
  </div>
</div>
`;
